
> crmtool@0.1.0 test:e2e
> playwright test tests/e2e/select_all.spec.js --project=chromium --retries=0


Running 1 test using 1 worker

PAGE LOG: StabilityVerifier loaded. Run window.StabilityVerifier.runAll()
PAGE LOG: [perf] crm:first-route-ready
PAGE LOG: [BOOT] loadModules called with: [./env.js, ./db.js, ./core/renderGuard.js, ./core/theme_injector.js, ./services/selection.js, ./utils.js, ./render.js, ./db_compat.js, ./ical.js, ./presets.js, ../seed_data_inline.js, ./seed_data.js, ./ui_shims.js, ./header_ui.js, ./email/merge_vars.js, ./contact_stage_tracker.js, ./commissions.js, ./post_funding.js, ./qa.js, ./bulk_log.js, ./print.js, ./app.js, ./settings_forms.js, ./compose.js, ./services/pipelineStages.js, ./services/softDelete.js, ./pipeline/stages.js, ./pages/workbench.js, ./pages/email_templates.js, ./pages/notifications.js, ./boot/contracts/services.js, ./boot/phases.js]
PAGE LOG: [perf] crm:post-first-paint-start
PAGE LOG: [VIS] action-bar plus removed
PAGE LOG: [A_BEACON] header loaded
PAGE LOG: [A_BEACON] avatar: limit=6MB
PAGE LOG: [APP] Module evaluating...
PAGE LOG: [DEBUG] app.js IIFE running
PAGE LOG: [DEBUG] preferredDefaultRoute: homeView= labs
PAGE LOG: [DEBUG] onDomReady: Calling ensureDefaultRoute
PAGE LOG: [DEBUG] preferredDefaultRoute: homeView= labs
PAGE LOG: [DEBUG] preferredDefaultRoute: homeView= labs
PAGE LOG: [DEBUG] onDomReady executing
PAGE LOG: [DEBUG] #main-nav found, attaching listener
PAGE LOG: [DEBUG] preferredDefaultRoute: homeView= labs
PAGE LOG: [DEBUG] preferredDefaultRoute: homeView= labs
PAGE LOG: [DEBUG] preferredDefaultRoute: homeView= labs
PAGE LOG: [CRM_DEBUG_UI] {label: after-resetUiInteractivity, overlays: 0, loadingHosts: 0, dialogOpen: 0, qaOverlays: 0}
PAGE LOG: [CRM_DEBUG_UI] {label: after-resetUiInteractivity, overlays: 0, loadingHosts: 0, dialogOpen: 0, qaOverlays: 0}
PAGE LOG: [QC] overlay reset editor-close
PAGE LOG: [CRM_DEBUG_UI] {label: after-resetUiInteractivity, overlays: 0, loadingHosts: 0, dialogOpen: 0, qaOverlays: 0}
PAGE LOG: [QC] overlay reset editor-close
PAGE LOG: [labs] requesting bundle
PAGE LOG: [labs] bundle ready
PAGE LOG: Settings API unavailable
PAGE LOG: REL_SUMMARY {nodes: 60, edges: 40, keyboardAccess: true}
PAGE LOG: [LABS] mountLabsDashboard called
PAGE LOG: [LABS] model loaded {contactCount: 0, partnerCount: 1, taskCount: 0}
PAGE LOG: [LABS] rendered widget focus
PAGE LOG: [LABS] rendered widget labsKpiSummary
PAGE LOG: [LABS] rendered widget labsPipelineSnapshot
PAGE LOG: [LABS] rendered widget goalProgress
PAGE LOG: [LABS] rendered widget labsTasks
PAGE LOG: [LABS] rendered widget today
PAGE LOG: [LABS] rendered widget todo
PAGE LOG: [LABS] rendered widget priorityActions
PAGE LOG: [LABS] rendered widget favorites
PAGE LOG: [LABS] rendered widget milestones
PAGE LOG: [LABS] rendered widget partnerPortfolio
PAGE LOG: [LABS] rendered widget referralLeaderboard
PAGE LOG: [LABS] rendered widget referralTrends
PAGE LOG: [LABS] rendered widget relationshipOpportunities
PAGE LOG: [LABS] rendered widget closingWatch
PAGE LOG: [LABS] rendered widget upcomingCelebrations
PAGE LOG: Γ£à [Labs QA] Zero-Unknown Contract passed (text scan).
PAGE LOG: [labs:parity] Core metrics aligned with snapshot data
PAGE LOG: [labs] CRM Labs dashboard rendered
PAGE LOG: [labs] CRM Labs dashboard rendered
PAGE LOG: [BOOT] loadModules called with: [./patch_20250923_baseline.js, ./patch_20250924_bootstrap_ready.js, ./patch_2025-09-26_phase1_pipeline_partners.js, ./patch_2025-09-26_phase2_automations.js, ./patch_2025-09-27_doccenter2.js, ./patch_2025-09-27_contact_linking_5A.js, ./patch_2025-09-27_contact_linking_5B.js, ./patch_2025-09-27_contact_linking_5C.js, ./patch_2025-09-27_merge_ui.js, ./patch_2025-09-27_nth_bundle_and_qa.js, ./patch_2025-09-27_masterfix.js, ./patch_2025-09-27_release_prep.js, ./patches/polish_overlay_ready.js, ./patch_2025-10-02_baseline_ux_cleanup.js, ./patch_2025-10-02_medium_nice.js, ./patch_2025-10-03_calendar_ics_button.js, ./patch_2025-10-03_automation_seed.js, ./contacts_merge.js, ./contacts_merge_orchestrator.js, ./pipeline/kanban_dnd.js, ./patches/patch_2025-10-23_session_beacon.js, ./ui/Toast.js, ./ui/Confirm.js, ./data/settings.js, ./data/seed.js, ./migrations.js, ./templates.js, ./filters.js, ./state/selectionStore.js, ./state/actionBarGuards.js, ./ui/notifications_panel.js, ./ui/action_bar.js, ./ui/merge_modal.js, ./debug/overlay.js, ./quick_add.js, ./doccenter_rules.js, ./contacts.js, ./partners.js, ./partners_detail.js, ./partners_modal.js, ./partners/list.js, ./partners_merge.js, ./partners_merge_orchestrator.js, ./dash_range.js, ./importer.js, ./reports.js, ./notifications.js, ./calendar_impl.js, ./calendar_actions.js, ./calendar.js, ./calendar_ics.js, ./diagnostics_quiet.js, ./doc/doc_center_enhancer.js, ./email/templates_store.js, ./importer_contacts.js, ./importer_helpers.js, ./importer_partners.js, ./merge/merge_core.js, ./notifications/notifier.js, ./patches/loader.js, ./selftest.js, ./selftest_panel.js, ../seed_test_data.js, ./snapshot.js, ./ui/GhostButton.js, ./ui/PrimaryButton.js, ./ui/loading_block.js, ./ui/form_footer.js, ./ui/header_toolbar.js, ./ui/table_layout.js, ./ui/route_toast_sentinel.js, ./ui/quick_add_unified.js, ./ui/settings_form.js, ./ui/strings.js, ./util/strings.js, ./ux/svg_sanitizer.js, ./services/selection_adapter.js, ./services/selection_fallback.js, ./core/capabilities_probe.js]
PAGE LOG: [patch_2025-09-26_phase1_pipeline_partners.init] complete
PAGE LOG: [patch_2025-09-27_doccenter2.init] complete
PAGE LOG: [DEBUG] #main-nav click JSHandle@node
PAGE LOG: [DEBUG] Nav target: contacts
PAGE LOG: [CRM_DEBUG_UI] {label: after-resetUiInteractivity, overlays: 0, loadingHosts: 0, dialogOpen: 0, qaOverlays: 0}
PAGE LOG: [CRM_DEBUG_UI] {label: after-resetUiInteractivity, overlays: 0, loadingHosts: 0, dialogOpen: 0, qaOverlays: 0}
PAGE LOG: [QC] overlay reset editor-close
PAGE LOG: [CRM_DEBUG_UI] {label: after-resetUiInteractivity, overlays: 0, loadingHosts: 0, dialogOpen: 0, qaOverlays: 0}
PAGE LOG: [QC] overlay reset editor-close
PAGE LOG: [VIS] polish applied:commissions-empty
PAGE LOG: [BOOT] optional import failed: ./filters.js TypeError: b.addEventListener is not a function
    at http://127.0.0.1:8080/js/filters.js?t=1767165394519:612:60
    at Array.forEach (<anonymous>)
    at wireControls (http://127.0.0.1:8080/js/filters.js?t=1767165394519:611:7)
    at http://127.0.0.1:8080/js/filters.js?t=1767165394519:653:5
    at ready (http://127.0.0.1:8080/js/filters.js?t=1767165394519:650:115)
    at http://127.0.0.1:8080/js/filters.js?t=1767165394519:652:3
    at http://127.0.0.1:8080/js/filters.js?t=1767165394519:665:3
Found 40 rows
PAGE LOG: [VIS] action-bar plus removed
PAGE LOG: [DEBUG] Global change event on data-role: select
PAGE LOG: [A_BEACON] actionbar:centered
PAGE LOG: [labs] CRM data changed, refreshing... {scope: selection, reason: coalesced-update, batchSize: 1}
PAGE LOG: [labs] scheduling model recompute app:data:changed
PAGE LOG: [VIS] polish applied:reports-empty
PAGE LOG: [LABS] model loaded {contactCount: 0, partnerCount: 21, taskCount: 91}
PAGE LOG: [LABS] rendered widget focus
PAGE LOG: [LABS] rendered widget labsKpiSummary
PAGE LOG: [LABS] rendered widget labsPipelineSnapshot
PAGE LOG: [LABS] rendered widget goalProgress
PAGE LOG: [LABS] rendered widget labsTasks
PAGE LOG: [LABS] rendered widget today
PAGE LOG: [LABS] rendered widget todo
PAGE LOG: [LABS] rendered widget priorityActions
PAGE LOG: [LABS] rendered widget favorites
PAGE LOG: [LABS] rendered widget milestones
PAGE LOG: [LABS] rendered widget partnerPortfolio
PAGE LOG: [LABS] rendered widget referralLeaderboard
PAGE LOG: [LABS] rendered widget referralTrends
PAGE LOG: [LABS] rendered widget relationshipOpportunities
PAGE LOG: [LABS] rendered widget closingWatch
PAGE LOG: [LABS] rendered widget upcomingCelebrations
PAGE LOG: Boot OK ΓÇö modules:2 failures:0
PAGE LOG: [WARN] Multiple app:data:changed events detected {count: 2, windowMs: 332, detail: Object}
PAGE LOG: [app] app:data:changed missing scope {scope: , reason: coalesced-update, batchSize: 1}
PAGE LOG: [labs] CRM data changed, refreshing... {scope: , reason: coalesced-update, batchSize: 1}
PAGE LOG: [selftest] warn Module-only invariant failed [Non-module script for app code: /js/boot/early_trap.js]
PAGE LOG: PATCHES_LOADED [/js/patch_2025-09-26_phase1_pipeline_partners.js, /js/patch_2025-09-27_doccenter2.js]
PAGE LOG: Selftest: required patches missing (manifest enforcement). {missing: Array(79), loaded: Array(2), expected: Array(79)}
PAGE LOG: [soft] PATCHES_MISSING [http://127.0.0.1:8080/js/patch_20250923_baseline.js, http://127.0.0.1:8080/js/patch_20250924_bootstrap_ready.js, http://127.0.0.1:8080/js/patch_2025-09-26_phase1_pipeline_partners.js, http://127.0.0.1:8080/js/patch_2025-09-26_phase2_automations.js, http://127.0.0.1:8080/js/patch_2025-09-27_doccenter2.js, http://127.0.0.1:8080/js/patch_2025-09-27_contact_linking_5A.js, http://127.0.0.1:8080/js/patch_2025-09-27_contact_linking_5B.js, http://127.0.0.1:8080/js/patch_2025-09-27_contact_linking_5C.js, http://127.0.0.1:8080/js/patch_2025-09-27_merge_ui.js, http://127.0.0.1:8080/js/patch_2025-09-27_nth_bundle_and_qa.js, http://127.0.0.1:8080/js/patch_2025-09-27_masterfix.js, http://127.0.0.1:8080/js/patch_2025-09-27_release_prep.js, http://127.0.0.1:8080/js/patches/polish_overlay_ready.js, http://127.0.0.1:8080/js/patch_2025-10-02_baseline_ux_cleanup.js, http://127.0.0.1:8080/js/patch_2025-10-02_medium_nice.js, http://127.0.0.1:8080/js/patch_2025-10-03_calendar_ics_button.js, http://127.0.0.1:8080/js/patch_2025-10-03_automation_seed.js, http://127.0.0.1:8080/js/contacts_merge.js, http://127.0.0.1:8080/js/contacts_merge_orchestrator.js, http://127.0.0.1:8080/js/pipeline/kanban_dnd.js, http://127.0.0.1:8080/js/patches/patch_2025-10-23_session_beacon.js, http://127.0.0.1:8080/js/ui/Toast.js, http://127.0.0.1:8080/js/ui/Confirm.js, http://127.0.0.1:8080/js/data/settings.js, http://127.0.0.1:8080/js/data/seed.js, http://127.0.0.1:8080/js/migrations.js, http://127.0.0.1:8080/js/templates.js, http://127.0.0.1:8080/js/filters.js, http://127.0.0.1:8080/js/state/selectionStore.js, http://127.0.0.1:8080/js/state/actionBarGuards.js, http://127.0.0.1:8080/js/ui/notifications_panel.js, http://127.0.0.1:8080/js/ui/action_bar.js, http://127.0.0.1:8080/js/ui/merge_modal.js, http://127.0.0.1:8080/js/debug/overlay.js, http://127.0.0.1:8080/js/quick_add.js, http://127.0.0.1:8080/js/doccenter_rules.js, http://127.0.0.1:8080/js/contacts.js, http://127.0.0.1:8080/js/partners.js, http://127.0.0.1:8080/js/partners_detail.js, http://127.0.0.1:8080/js/partners_modal.js, http://127.0.0.1:8080/js/partners/list.js, http://127.0.0.1:8080/js/partners_merge.js, http://127.0.0.1:8080/js/partners_merge_orchestrator.js, http://127.0.0.1:8080/js/dash_range.js, http://127.0.0.1:8080/js/importer.js, http://127.0.0.1:8080/js/reports.js, http://127.0.0.1:8080/js/notifications.js, http://127.0.0.1:8080/js/calendar_impl.js, http://127.0.0.1:8080/js/calendar_actions.js, http://127.0.0.1:8080/js/calendar.js, http://127.0.0.1:8080/js/calendar_ics.js, http://127.0.0.1:8080/js/diagnostics_quiet.js, http://127.0.0.1:8080/js/doc/doc_center_enhancer.js, http://127.0.0.1:8080/js/email/templates_store.js, http://127.0.0.1:8080/js/importer_contacts.js, http://127.0.0.1:8080/js/importer_helpers.js, http://127.0.0.1:8080/js/importer_partners.js, http://127.0.0.1:8080/js/merge/merge_core.js, http://127.0.0.1:8080/js/notifications/notifier.js, http://127.0.0.1:8080/js/patches/loader.js, http://127.0.0.1:8080/js/selftest.js, http://127.0.0.1:8080/js/selftest_panel.js, http://127.0.0.1:8080/seed_test_data.js, http://127.0.0.1:8080/js/snapshot.js, http://127.0.0.1:8080/js/ui/GhostButton.js, http://127.0.0.1:8080/js/ui/PrimaryButton.js, http://127.0.0.1:8080/js/ui/loading_block.js, http://127.0.0.1:8080/js/ui/form_footer.js, http://127.0.0.1:8080/js/ui/header_toolbar.js, http://127.0.0.1:8080/js/ui/table_layout.js, http://127.0.0.1:8080/js/ui/route_toast_sentinel.js, http://127.0.0.1:8080/js/ui/quick_add_unified.js, http://127.0.0.1:8080/js/ui/settings_form.js, http://127.0.0.1:8080/js/ui/strings.js, http://127.0.0.1:8080/js/util/strings.js, http://127.0.0.1:8080/js/ux/svg_sanitizer.js, http://127.0.0.1:8080/js/services/selection_adapter.js, http://127.0.0.1:8080/js/services/selection_fallback.js, http://127.0.0.1:8080/js/core/capabilities_probe.js]
PAGE LOG: [soft] Selftest: manifest-declared patches missing {missing: Array(79), loaded: Array(2), expected: Array(79)}
PAGE LOG: [selftest] fail Missing manifest patches: http://127.0.0.1:8080/js/patch_20250923_baseline.js, http://127.0.0.1:8080/js/patch_20250924_bootstrap_ready.js, http://127.0.0.1:8080/js/patch_2025-09-26_phase1_pipeline_partners.js, http://127.0.0.1:8080/js/patch_2025-09-26_phase2_automations.js, http://127.0.0.1:8080/js/patch_2025-09-27_doccenter2.js, http://127.0.0.1:8080/js/patch_2025-09-27_contact_linking_5A.js, http://127.0.0.1:8080/js/patch_2025-09-27_contact_linking_5B.js, http://127.0.0.1:8080/js/patch_2025-09-27_contact_linking_5C.js, http://127.0.0.1:8080/js/patch_2025-09-27_merge_ui.js, http://127.0.0.1:8080/js/patch_2025-09-27_nth_bundle_and_qa.js, http://127.0.0.1:8080/js/patch_2025-09-27_masterfix.js, http://127.0.0.1:8080/js/patch_2025-09-27_release_prep.js, http://127.0.0.1:8080/js/patches/polish_overlay_ready.js, http://127.0.0.1:8080/js/patch_2025-10-02_baseline_ux_cleanup.js, http://127.0.0.1:8080/js/patch_2025-10-02_medium_nice.js, http://127.0.0.1:8080/js/patch_2025-10-03_calendar_ics_button.js, http://127.0.0.1:8080/js/patch_2025-10-03_automation_seed.js, http://127.0.0.1:8080/js/contacts_merge.js, http://127.0.0.1:8080/js/contacts_merge_orchestrator.js, http://127.0.0.1:8080/js/pipeline/kanban_dnd.js, http://127.0.0.1:8080/js/patches/patch_2025-10-23_session_beacon.js, http://127.0.0.1:8080/js/ui/Toast.js, http://127.0.0.1:8080/js/ui/Confirm.js, http://127.0.0.1:8080/js/data/settings.js, http://127.0.0.1:8080/js/data/seed.js, http://127.0.0.1:8080/js/migrations.js, http://127.0.0.1:8080/js/templates.js, http://127.0.0.1:8080/js/filters.js, http://127.0.0.1:8080/js/state/selectionStore.js, http://127.0.0.1:8080/js/state/actionBarGuards.js, http://127.0.0.1:8080/js/ui/notifications_panel.js, http://127.0.0.1:8080/js/ui/action_bar.js, http://127.0.0.1:8080/js/ui/merge_modal.js, http://127.0.0.1:8080/js/debug/overlay.js, http://127.0.0.1:8080/js/quick_add.js, http://127.0.0.1:8080/js/doccenter_rules.js, http://127.0.0.1:8080/js/contacts.js, http://127.0.0.1:8080/js/partners.js, http://127.0.0.1:8080/js/partners_detail.js, http://127.0.0.1:8080/js/partners_modal.js, http://127.0.0.1:8080/js/partners/list.js, http://127.0.0.1:8080/js/partners_merge.js, http://127.0.0.1:8080/js/partners_merge_orchestrator.js, http://127.0.0.1:8080/js/dash_range.js, http://127.0.0.1:8080/js/importer.js, http://127.0.0.1:8080/js/reports.js, http://127.0.0.1:8080/js/notifications.js, http://127.0.0.1:8080/js/calendar_impl.js, http://127.0.0.1:8080/js/calendar_actions.js, http://127.0.0.1:8080/js/calendar.js, http://127.0.0.1:8080/js/calendar_ics.js, http://127.0.0.1:8080/js/diagnostics_quiet.js, http://127.0.0.1:8080/js/doc/doc_center_enhancer.js, http://127.0.0.1:8080/js/email/templates_store.js, http://127.0.0.1:8080/js/importer_contacts.js, http://127.0.0.1:8080/js/importer_helpers.js, http://127.0.0.1:8080/js/importer_partners.js, http://127.0.0.1:8080/js/merge/merge_core.js, http://127.0.0.1:8080/js/notifications/notifier.js, http://127.0.0.1:8080/js/patches/loader.js, http://127.0.0.1:8080/js/selftest.js, http://127.0.0.1:8080/js/selftest_panel.js, http://127.0.0.1:8080/seed_test_data.js, http://127.0.0.1:8080/js/snapshot.js, http://127.0.0.1:8080/js/ui/GhostButton.js, http://127.0.0.1:8080/js/ui/PrimaryButton.js, http://127.0.0.1:8080/js/ui/loading_block.js, http://127.0.0.1:8080/js/ui/form_footer.js, http://127.0.0.1:8080/js/ui/header_toolbar.js, http://127.0.0.1:8080/js/ui/table_layout.js, http://127.0.0.1:8080/js/ui/route_toast_sentinel.js, http://127.0.0.1:8080/js/ui/quick_add_unified.js, http://127.0.0.1:8080/js/ui/settings_form.js, http://127.0.0.1:8080/js/ui/strings.js, http://127.0.0.1:8080/js/util/strings.js, http://127.0.0.1:8080/js/ux/svg_sanitizer.js, http://127.0.0.1:8080/js/services/selection_adapter.js, http://127.0.0.1:8080/js/services/selection_fallback.js, http://127.0.0.1:8080/js/core/capabilities_probe.js
PAGE LOG: [selftest] skip Workbench disabled in prod (expected).
PAGE LOG: Selftest: telemetry helpers unavailable in production context; treating as diagnostic warn.
PAGE LOG: [selftest] info Telemetry helpers inactive in prod (expected noop).
PAGE LOG: [selftest] fail Self-test FAIL ΓÇö review console for details.
PAGE LOG: [selftest] pass renderAll available
PAGE LOG: [app] app:data:changed missing scope {source: selftest}
PAGE LOG: [labs] CRM data changed, refreshing... {source: selftest}
PAGE LOG: [labs] CRM data changed, refreshing... {scope: selection, reason: coalesced-update, batchSize: 1}
PAGE LOG: [selftest] fail app:data:changed triggered 0 requestRender calls but no repaint
PAGE LOG: [selftest] skip SeedDemoData not available; seed tripwire skipped
PAGE LOG: [selftest] warn Importer did not emit any changes
PAGE LOG: [APP_RENDER] full 1767165395631
PAGE LOG: [labs] scheduling model recompute app:data:changed
PAGE LOG: [LABS] model loaded {contactCount: 0, partnerCount: 21, taskCount: 91}
PAGE LOG: [LABS] rendered widget focus
PAGE LOG: [LABS] rendered widget labsKpiSummary
PAGE LOG: [LABS] rendered widget labsPipelineSnapshot
PAGE LOG: [LABS] rendered widget goalProgress
PAGE LOG: [LABS] rendered widget labsTasks
PAGE LOG: [LABS] rendered widget today
PAGE LOG: [LABS] rendered widget todo
PAGE LOG: [LABS] rendered widget priorityActions
PAGE LOG: [LABS] rendered widget favorites
PAGE LOG: [LABS] rendered widget milestones
PAGE LOG: [LABS] rendered widget partnerPortfolio
PAGE LOG: [LABS] rendered widget referralLeaderboard
PAGE LOG: [LABS] rendered widget referralTrends
PAGE LOG: [LABS] rendered widget relationshipOpportunities
PAGE LOG: [LABS] rendered widget closingWatch
PAGE LOG: [LABS] rendered widget upcomingCelebrations
PAGE LOG: [app] app:data:changed unknown scope [import] {scope: import, reason: coalesced-update, batchSize: 1}
PAGE LOG: [labs] CRM data changed, refreshing... {scope: import, reason: coalesced-update, batchSize: 1}
PAGE LOG: [APP_RENDER] full 1767165395758
PAGE LOG: [labs] scheduling model recompute app:data:changed
PAGE LOG: [A_BEACON] header loaded
PAGE LOG: [A_BEACON] avatar: limit=6MB
PAGE LOG: [LABS] model loaded {contactCount: 0, partnerCount: 21, taskCount: 91}
PAGE LOG: [LABS] rendered widget focus
PAGE LOG: [LABS] rendered widget labsKpiSummary
PAGE LOG: [LABS] rendered widget labsPipelineSnapshot
PAGE LOG: [LABS] rendered widget goalProgress
PAGE LOG: [LABS] rendered widget labsTasks
PAGE LOG: [LABS] rendered widget today
PAGE LOG: [LABS] rendered widget todo
PAGE LOG: [LABS] rendered widget priorityActions
PAGE LOG: [LABS] rendered widget favorites
PAGE LOG: [LABS] rendered widget milestones
PAGE LOG: [LABS] rendered widget partnerPortfolio
PAGE LOG: [LABS] rendered widget referralLeaderboard
PAGE LOG: [LABS] rendered widget referralTrends
PAGE LOG: [LABS] rendered widget relationshipOpportunities
PAGE LOG: [LABS] rendered widget closingWatch
PAGE LOG: [LABS] rendered widget upcomingCelebrations
PAGE LOG: [A_BEACON] route toast wired
PAGE LOG: BOOT OK
PAGE LOG: [BOOT] services registry warming up (expected during cold start)
PAGE LOG: BOOT OK
Clicking Select All (Expect Select All)
PAGE LOG: [app] app:data:changed missing scope {scope: , reason: coalesced-update, batchSize: 1}
PAGE LOG: [labs] CRM data changed, refreshing... {scope: , reason: coalesced-update, batchSize: 1}
PAGE LOG: [APP_RENDER] full 1767165397383
PAGE LOG: [labs] scheduling model recompute app:data:changed
PAGE LOG: [LABS] model loaded {contactCount: 0, partnerCount: 21, taskCount: 103}
PAGE LOG: [LABS] rendered widget focus
PAGE LOG: [LABS] rendered widget labsKpiSummary
PAGE LOG: [LABS] rendered widget labsPipelineSnapshot
PAGE LOG: [LABS] rendered widget goalProgress
PAGE LOG: [LABS] rendered widget labsTasks
PAGE LOG: [LABS] rendered widget today
PAGE LOG: [LABS] rendered widget todo
PAGE LOG: [LABS] rendered widget priorityActions
PAGE LOG: [LABS] rendered widget favorites
PAGE LOG: [LABS] rendered widget milestones
PAGE LOG: [LABS] rendered widget partnerPortfolio
PAGE LOG: [LABS] rendered widget referralLeaderboard
PAGE LOG: [LABS] rendered widget referralTrends
PAGE LOG: [LABS] rendered widget relationshipOpportunities
PAGE LOG: [LABS] rendered widget closingWatch
PAGE LOG: [LABS] rendered widget upcomingCelebrations
PAGE LOG: [DEBUG] Global change event on data-role: select-all
PAGE LOG: [DEBUG] select-all triggered via delegation JSHandle@node
PAGE LOG: [WARN] Multiple app:data:changed events detected {count: 2, windowMs: 219, detail: Object}
PAGE LOG: [labs] CRM data changed, refreshing... {scope: selection, reason: coalesced-update, batchSize: 1}
PAGE LOG: [labs] scheduling model recompute app:data:changed
PAGE LOG: [LABS] model loaded {contactCount: 0, partnerCount: 21, taskCount: 103}
PAGE LOG: [LABS] rendered widget focus
PAGE LOG: [LABS] rendered widget labsKpiSummary
PAGE LOG: [LABS] rendered widget labsPipelineSnapshot
PAGE LOG: [LABS] rendered widget goalProgress
PAGE LOG: [LABS] rendered widget labsTasks
PAGE LOG: [LABS] rendered widget today
PAGE LOG: [LABS] rendered widget todo
PAGE LOG: [LABS] rendered widget priorityActions
PAGE LOG: [LABS] rendered widget favorites
PAGE LOG: [LABS] rendered widget milestones
PAGE LOG: [LABS] rendered widget partnerPortfolio
PAGE LOG: [LABS] rendered widget referralLeaderboard
PAGE LOG: [LABS] rendered widget referralTrends
PAGE LOG: [LABS] rendered widget relationshipOpportunities
PAGE LOG: [LABS] rendered widget closingWatch
PAGE LOG: [LABS] rendered widget upcomingCelebrations
Clicking Select All Again (Expect Clear)
PAGE LOG: [DEBUG] Global change event on data-role: select-all
PAGE LOG: [DEBUG] select-all triggered via delegation JSHandle@node
PAGE LOG: [labs] CRM data changed, refreshing... {scope: selection, reason: coalesced-update, batchSize: 1}
PAGE LOG: [labs] scheduling model recompute app:data:changed
PAGE LOG: [LABS] model loaded {contactCount: 0, partnerCount: 21, taskCount: 103}
PAGE LOG: [LABS] rendered widget focus
PAGE LOG: [LABS] rendered widget labsKpiSummary
PAGE LOG: [LABS] rendered widget labsPipelineSnapshot
PAGE LOG: [LABS] rendered widget goalProgress
PAGE LOG: [LABS] rendered widget labsTasks
PAGE LOG: [LABS] rendered widget today
PAGE LOG: [LABS] rendered widget todo
PAGE LOG: [LABS] rendered widget priorityActions
PAGE LOG: [LABS] rendered widget favorites
PAGE LOG: [LABS] rendered widget milestones
PAGE LOG: [LABS] rendered widget partnerPortfolio
PAGE LOG: [LABS] rendered widget referralLeaderboard
PAGE LOG: [LABS] rendered widget referralTrends
PAGE LOG: [LABS] rendered widget relationshipOpportunities
PAGE LOG: [LABS] rendered widget closingWatch
PAGE LOG: [LABS] rendered widget upcomingCelebrations
PAGE LOG: [BOOT] soft prerequisite incomplete: services registry ready in http://127.0.0.1:8080/js/boot/contracts/services.js
PAGE LOG: [BOOT] loader.js detected - delegating orchestration
PAGE LOG: [CRM] {type: phase:module, phaseName: SHELL, module: http://127.0.0.1:8080/js/ui_shims.js, ok: true, usedInit: false}
PAGE LOG: [CRM] {type: phase:module, phaseName: SHELL, module: http://127.0.0.1:8080/js/ui/action_bar.js, ok: true, usedInit: false}
PAGE LOG: [CRM] {type: phase:module, phaseName: SHELL, module: http://127.0.0.1:8080/js/debug/overlay.js, ok: true, usedInit: false}
PAGE LOG: [CRM] {type: phase:module, phaseName: SHELL, module: http://127.0.0.1:8080/js/templates.js, ok: true, usedInit: false}
PAGE LOG: [CRM] {type: phase:module, phaseName: SHELL, module: http://127.0.0.1:8080/js/filters.js, ok: false, usedInit: false}
PAGE LOG: [CRM] {type: phase:module, phaseName: SHELL, module: http://127.0.0.1:8080/js/render.js, ok: true, usedInit: false}
PAGE LOG: [CRM] {type: phase:done, phaseName: SHELL, count: 6}
PAGE LOG: [CRM] [phase] SHELL complete {count: 6, errors: 1}
PAGE LOG: [CRM] [contacts_merge.init] complete
PAGE LOG: [CRM] {type: phase:module, phaseName: SERVICES, module: http://127.0.0.1:8080/js/contacts_merge.js, ok: true, usedInit: true}
PAGE LOG: [CRM] [contacts_merge_orchestrator.init] complete
PAGE LOG: [CRM] {type: phase:module, phaseName: SERVICES, module: http://127.0.0.1:8080/js/contacts_merge_orchestrator.js, ok: true, usedInit: true}
PAGE LOG: [CRM] [partners_merge_orchestrator.init] complete
PAGE LOG: [CRM] {type: phase:module, phaseName: SERVICES, module: http://127.0.0.1:8080/js/partners_merge_orchestrator.js, ok: true, usedInit: true}
PAGE LOG: [CRM] {type: phase:done, phaseName: SERVICES, count: 3}
PAGE LOG: [CRM] [phase] SERVICES complete {count: 3, errors: 0}
PAGE LOG: [CRM] [patch_2025-10-02_baseline_ux_cleanup.init] complete
PAGE LOG: [CRM] {type: phase:module, phaseName: FEATURES, module: http://127.0.0.1:8080/js/patch_2025-10-02_baseline_ux_cleanup.js, ok: true, usedInit: true}
PAGE LOG: [CRM] {type: phase:module, phaseName: FEATURES, module: http://127.0.0.1:8080/js/notifications.js, ok: true, usedInit: false}
PAGE LOG: [CRM] [patch_2025-09-27_contact_linking_5A.init] complete
PAGE LOG: [CRM] {type: phase:module, phaseName: FEATURES, module: http://127.0.0.1:8080/js/patch_2025-09-27_contact_linking_5A.js, ok: true, usedInit: true}
PAGE LOG: [CRM] [patch_2025-09-27_contact_linking_5B.init] complete
PAGE LOG: [CRM] {type: phase:module, phaseName: FEATURES, module: http://127.0.0.1:8080/js/patch_2025-09-27_contact_linking_5B.js, ok: true, usedInit: true}
PAGE LOG: [CRM] [patch_2025-09-27_contact_linking_5C.init] complete
PAGE LOG: [CRM] {type: phase:module, phaseName: FEATURES, module: http://127.0.0.1:8080/js/patch_2025-09-27_contact_linking_5C.js, ok: true, usedInit: true}
PAGE LOG: [CRM] [patch_2025-09-26_phase4_polish_regression.init] complete
PAGE LOG: [CRM] {type: phase:module, phaseName: FEATURES, module: http://127.0.0.1:8080/js/patch_2025-09-26_phase4_polish_regression.js, ok: true, usedInit: true}
PAGE LOG: [patch_2025-09-27_doccenter2.init] complete
PAGE LOG: [CRM] [patch_2025-09-27_doccenter2.init] already wired
PAGE LOG: [CRM] {type: phase:module, phaseName: FEATURES, module: http://127.0.0.1:8080/js/patch_2025-09-27_doccenter2.js, ok: true, usedInit: true}
PAGE LOG: [CRM] [patch_2025-09-27_merge_ui.init] complete
PAGE LOG: [CRM] {type: phase:module, phaseName: FEATURES, module: http://127.0.0.1:8080/js/patch_2025-09-27_merge_ui.js, ok: true, usedInit: true}
PAGE LOG: [CRM] [patch_2025-09-27_masterfix.init] complete
PAGE LOG: [CRM] {type: phase:module, phaseName: FEATURES, module: http://127.0.0.1:8080/js/patch_2025-09-27_masterfix.js, ok: true, usedInit: true}
PAGE LOG: [CRM] [patch_2025-09-27_nth_bundle_and_qa.init] complete
PAGE LOG: [CRM] {type: phase:module, phaseName: FEATURES, module: http://127.0.0.1:8080/js/patch_2025-09-27_nth_bundle_and_qa.js, ok: true, usedInit: true}
PAGE LOG: [CRM] [patch_2025-09-27_phase6_polish_telemetry.init] complete
PAGE LOG: [CRM] {type: phase:module, phaseName: FEATURES, module: http://127.0.0.1:8080/js/patch_2025-09-27_phase6_polish_telemetry.js, ok: true, usedInit: true}
PAGE LOG: [CRM] [patch_2025-09-27_release_prep.init] complete
PAGE LOG: [CRM] {type: phase:module, phaseName: FEATURES, module: http://127.0.0.1:8080/js/patch_2025-09-27_release_prep.js, ok: true, usedInit: true}
PAGE LOG: [CRM] [patch_2025-10-02_medium_nice.init] complete
PAGE LOG: [CRM] {type: phase:module, phaseName: FEATURES, module: http://127.0.0.1:8080/js/patch_2025-10-02_medium_nice.js, ok: true, usedInit: true}
PAGE LOG: [CRM] {type: phase:module, phaseName: FEATURES, module: http://127.0.0.1:8080/js/calendar_actions.js, ok: true, usedInit: false}
PAGE LOG: [CRM] [patch_2025-10-03_automation_seed.init] complete
PAGE LOG: [CRM] {type: phase:module, phaseName: FEATURES, module: http://127.0.0.1:8080/js/patch_2025-10-03_automation_seed.js, ok: true, usedInit: true}
PAGE LOG: [CRM] [patch_2025-10-03_calendar_ics_button.init] complete
PAGE LOG: [CRM] {type: phase:module, phaseName: FEATURES, module: http://127.0.0.1:8080/js/patch_2025-10-03_calendar_ics_button.js, ok: true, usedInit: true}
PAGE LOG: [CRM] [patch_20250924_bootstrap_ready.init] complete
PAGE LOG: [CRM] {type: phase:module, phaseName: FEATURES, module: http://127.0.0.1:8080/js/patch_20250924_bootstrap_ready.js, ok: true, usedInit: true}
PAGE LOG: [CRM] {type: phase:module, phaseName: FEATURES, module: http://127.0.0.1:8080/js/contacts.js, ok: true, usedInit: false}
PAGE LOG: [CRM] [partners.init] invoked {alreadyInitialised: true}
PAGE LOG: [CRM] {type: phase:module, phaseName: FEATURES, module: http://127.0.0.1:8080/js/partners.js, ok: true, usedInit: true}
PAGE LOG: [CRM] {type: phase:module, phaseName: FEATURES, module: http://127.0.0.1:8080/js/ui/notifications_panel.js, ok: true, usedInit: false}
PAGE LOG: [CRM] [patch_2025-09-26_phase2_automations.init] complete
PAGE LOG: [CRM] {type: phase:module, phaseName: FEATURES, module: http://127.0.0.1:8080/js/patch_2025-09-26_phase2_automations.js, ok: true, usedInit: true}
PAGE LOG: [CRM] {type: phase:module, phaseName: FEATURES, module: http://127.0.0.1:8080/js/calendar_impl.js, ok: true, usedInit: false}
PAGE LOG: [CRM] {type: phase:module, phaseName: FEATURES, module: http://127.0.0.1:8080/js/pages/workbench.js, ok: true, usedInit: false}
PAGE LOG: [patch_2025-09-26_phase1_pipeline_partners.init] complete
PAGE LOG: [CRM] [patch_2025-09-26_phase1_pipeline_partners.init] already wired
PAGE LOG: [CRM] {type: phase:module, phaseName: FEATURES, module: http://127.0.0.1:8080/js/patch_2025-09-26_phase1_pipeline_partners.js, ok: true, usedInit: true}
PAGE LOG: [APP] Module evaluating...
PAGE LOG: [DEBUG] app.js IIFE running
PAGE LOG: [DEBUG] preferredDefaultRoute: homeView= labs
PAGE LOG: [DEBUG] onDomReady: Calling ensureDefaultRoute
PAGE LOG: [DEBUG] preferredDefaultRoute: homeView= labs
PAGE LOG: [DEBUG] preferredDefaultRoute: homeView= labs
PAGE LOG: [DEBUG] onDomReady executing
PAGE LOG: [DEBUG] #main-nav found, attaching listener
PAGE LOG: [DEBUG] preferredDefaultRoute: homeView= labs
PAGE LOG: [DEBUG] preferredDefaultRoute: homeView= labs
PAGE LOG: [DEBUG] preferredDefaultRoute: homeView= labs
PAGE LOG: [CRM_DEBUG_UI] {label: after-resetUiInteractivity, overlays: 0, loadingHosts: 0, dialogOpen: 0, qaOverlays: 0}
PAGE LOG: [CRM_DEBUG_UI] {label: after-resetUiInteractivity, overlays: 0, loadingHosts: 0, dialogOpen: 0, qaOverlays: 0}
PAGE LOG: [QC] overlay reset editor-close
PAGE LOG: [CRM_DEBUG_UI] {label: after-resetUiInteractivity, overlays: 0, loadingHosts: 0, dialogOpen: 0, qaOverlays: 0}
PAGE LOG: [QC] overlay reset editor-close
PAGE LOG: [CRM] {type: phase:module, phaseName: FEATURES, module: http://127.0.0.1:8080/js/app.js, ok: true, usedInit: false}
PAGE LOG: [CRM] [patch_2025-09-26_phase3_dashboard_reports.init] complete
PAGE LOG: [CRM] {type: phase:module, phaseName: FEATURES, module: http://127.0.0.1:8080/js/patch_2025-09-26_phase3_dashboard_reports.js, ok: true, usedInit: true}
PAGE LOG: [app] app:data:changed missing scope {scope: , reason: coalesced-update, batchSize: 1}
PAGE LOG: [labs] CRM data changed, refreshing... {scope: , reason: coalesced-update, batchSize: 1}
PAGE LOG: [CRM] {type: phase:module, phaseName: FEATURES, module: http://127.0.0.1:8080/js/calendar.js, ok: true, usedInit: false}
PAGE LOG: [CRM] [patch_20250923_baseline.init] complete
PAGE LOG: [CRM] {type: phase:module, phaseName: FEATURES, module: http://127.0.0.1:8080/js/patch_20250923_baseline.js, ok: true, usedInit: true}
PAGE LOG: [CRM] [patch_20250926_ctc_actionbar.init] complete
PAGE LOG: [CRM] {type: phase:module, phaseName: FEATURES, module: http://127.0.0.1:8080/js/patch_20250926_ctc_actionbar.js, ok: true, usedInit: true}
PAGE LOG: [CRM] {type: phase:done, phaseName: FEATURES, count: 29, dt: 264}
PAGE LOG: [CRM] FEATURES contract issues [dashboard registered (best effort)]
PAGE LOG: [CRM] [BOOT] SHELL modules total ~76ms, SERVICES modules total ~23ms, FEATURES modules total ~3021ms (parallel aggregate)
PAGE LOG: [CRM] [phase] FEATURES complete {count: 29, errors: 0}
PAGE LOG: [APP_RENDER] full 1767165400905
PAGE LOG: [labs] scheduling model recompute app:data:changed
PAGE LOG: [LABS] model loaded {contactCount: 0, partnerCount: 21, taskCount: 103}
PAGE LOG: [LABS] rendered widget focus
PAGE LOG: [LABS] rendered widget labsKpiSummary
PAGE LOG: [LABS] rendered widget labsPipelineSnapshot
PAGE LOG: [LABS] rendered widget goalProgress
PAGE LOG: [LABS] rendered widget labsTasks
PAGE LOG: [LABS] rendered widget today
PAGE LOG: [LABS] rendered widget todo
PAGE LOG: [LABS] rendered widget priorityActions
PAGE LOG: [LABS] rendered widget favorites
PAGE LOG: [LABS] rendered widget milestones
PAGE LOG: [LABS] rendered widget partnerPortfolio
PAGE LOG: [LABS] rendered widget referralLeaderboard
PAGE LOG: [LABS] rendered widget referralTrends
PAGE LOG: [LABS] rendered widget relationshipOpportunities
PAGE LOG: [LABS] rendered widget closingWatch
PAGE LOG: [LABS] rendered widget upcomingCelebrations
PAGE LOG: Deprecated API for given entry type.
PAGE LOG: [A_BEACON] dnd:widgets:handlers {count: 0}
PAGE LOG: [A_BEACON] dnd:widgets:handlers {count: 4}
PAGE LOG: [VIS] polish applied:reports-icons
PAGE LOG: [WARN] Multiple app:data:changed events detected {count: 2, windowMs: 533, detail: Object}
PAGE LOG: [app] app:data:changed missing scope {partial: true, source: migration:phase4, entity: contacts, count: 6}
PAGE LOG: [labs] CRM data changed, refreshing... {partial: true, source: migration:phase4, entity: contacts, count: 6}
PAGE LOG: Render lock watchdog
PAGE LOG: [APP_RENDER] full 1767165401438
PAGE LOG: [labs] scheduling model recompute app:data:changed
PAGE LOG: [render] timeout forced release renderAll
PAGE LOG: [LABS] model loaded {contactCount: 0, partnerCount: 21, taskCount: 103}
PAGE LOG: [LABS] rendered widget focus
PAGE LOG: [LABS] rendered widget labsKpiSummary
PAGE LOG: [LABS] rendered widget labsPipelineSnapshot
PAGE LOG: [LABS] rendered widget goalProgress
PAGE LOG: [LABS] rendered widget labsTasks
PAGE LOG: [LABS] rendered widget today
PAGE LOG: [LABS] rendered widget todo
PAGE LOG: [LABS] rendered widget priorityActions
PAGE LOG: [LABS] rendered widget favorites
PAGE LOG: [LABS] rendered widget milestones
PAGE LOG: [LABS] rendered widget partnerPortfolio
PAGE LOG: [LABS] rendered widget referralLeaderboard
PAGE LOG: [LABS] rendered widget referralTrends
PAGE LOG: [LABS] rendered widget relationshipOpportunities
PAGE LOG: [LABS] rendered widget closingWatch
PAGE LOG: [LABS] rendered widget upcomingCelebrations
PAGE LOG: BOOT OK
PAGE LOG: BOOT OK
Navigating to Dashboard and back to check re-render binding
PAGE LOG: [VIS] quick-add: header-only
PAGE LOG: [DEBUG] #main-nav click JSHandle@node
PAGE LOG: [DEBUG] Nav target: dashboard
PAGE LOG: [CRM_DEBUG_UI] {label: after-resetUiInteractivity, overlays: 0, loadingHosts: 0, dialogOpen: 0, qaOverlays: 0}
PAGE LOG: [CRM_DEBUG_UI] {label: after-resetUiInteractivity, overlays: 0, loadingHosts: 0, dialogOpen: 0, qaOverlays: 0}
PAGE LOG: [QC] overlay reset editor-close
PAGE LOG: [CRM_DEBUG_UI] {label: after-resetUiInteractivity, overlays: 0, loadingHosts: 0, dialogOpen: 0, qaOverlays: 0}
PAGE LOG: [QC] overlay reset editor-close
PAGE LOG: [DEBUG] #main-nav click JSHandle@node
PAGE LOG: [DEBUG] Nav target: dashboard
PAGE LOG: [CRM_DEBUG_UI] {label: after-resetUiInteractivity, overlays: 0, loadingHosts: 0, dialogOpen: 0, qaOverlays: 0}
PAGE LOG: [CRM_DEBUG_UI] {label: after-resetUiInteractivity, overlays: 0, loadingHosts: 0, dialogOpen: 0, qaOverlays: 0}
PAGE LOG: [QC] overlay reset editor-close
PAGE LOG: [CRM_DEBUG_UI] {label: after-resetUiInteractivity, overlays: 0, loadingHosts: 0, dialogOpen: 0, qaOverlays: 0}
PAGE LOG: [QC] overlay reset editor-close
PAGE LOG: [DEBUG] #main-nav click JSHandle@node
PAGE LOG: [DEBUG] Nav target: contacts
PAGE LOG: [CRM_DEBUG_UI] {label: after-resetUiInteractivity, overlays: 0, loadingHosts: 0, dialogOpen: 0, qaOverlays: 0}
PAGE LOG: [CRM_DEBUG_UI] {label: after-resetUiInteractivity, overlays: 0, loadingHosts: 0, dialogOpen: 0, qaOverlays: 0}
PAGE LOG: [QC] overlay reset editor-close
PAGE LOG: [CRM_DEBUG_UI] {label: after-resetUiInteractivity, overlays: 0, loadingHosts: 0, dialogOpen: 0, qaOverlays: 0}
PAGE LOG: [QC] overlay reset editor-close
PAGE LOG: [DEBUG] #main-nav click JSHandle@node
PAGE LOG: [DEBUG] Nav target: contacts
PAGE LOG: [CRM_DEBUG_UI] {label: after-resetUiInteractivity, overlays: 0, loadingHosts: 0, dialogOpen: 0, qaOverlays: 0}
PAGE LOG: [CRM_DEBUG_UI] {label: after-resetUiInteractivity, overlays: 0, loadingHosts: 0, dialogOpen: 0, qaOverlays: 0}
PAGE LOG: [QC] overlay reset editor-close
PAGE LOG: [CRM_DEBUG_UI] {label: after-resetUiInteractivity, overlays: 0, loadingHosts: 0, dialogOpen: 0, qaOverlays: 0}
PAGE LOG: [QC] overlay reset editor-close
Clicking Select All after navigation
PAGE LOG: [DEBUG] Global change event on data-role: select-all
PAGE LOG: [DEBUG] select-all triggered via delegation JSHandle@node
PAGE LOG: [A_BEACON] actionbar:centered
PAGE LOG: [DEBUG] Global change event on data-role: select-all
PAGE LOG: [DEBUG] select-all triggered via delegation JSHandle@node
PAGE LOG: [labs] CRM data changed, refreshing... {scope: selection, reason: coalesced-update, batchSize: 2}
PAGE LOG: [A_BEACON] dnd:widgets:handlers {count: 0}
PAGE LOG: [A_BEACON] dnd:widgets:handlers {count: 4}
PAGE LOG: [labs] scheduling model recompute app:data:changed
PAGE LOG: [LABS] model loaded {contactCount: 0, partnerCount: 21, taskCount: 103}
PAGE LOG: [LABS] rendered widget focus
PAGE LOG: [LABS] rendered widget labsKpiSummary
PAGE LOG: [LABS] rendered widget labsPipelineSnapshot
PAGE LOG: [LABS] rendered widget goalProgress
PAGE LOG: [LABS] rendered widget labsTasks
PAGE LOG: [LABS] rendered widget today
PAGE LOG: [LABS] rendered widget todo
PAGE LOG: [LABS] rendered widget priorityActions
PAGE LOG: [LABS] rendered widget favorites
PAGE LOG: [LABS] rendered widget milestones
PAGE LOG: [LABS] rendered widget partnerPortfolio
PAGE LOG: [LABS] rendered widget referralLeaderboard
PAGE LOG: [LABS] rendered widget referralTrends
PAGE LOG: [LABS] rendered widget relationshipOpportunities
PAGE LOG: [LABS] rendered widget closingWatch
PAGE LOG: [LABS] rendered widget upcomingCelebrations
  x  1 [chromium] ΓÇ║ tests\e2e\select_all.spec.js:14:5 ΓÇ║ Select All Regression Proof ΓÇ║ Select All behaves correctly with partial selection (33.6s)


  1) [chromium] ΓÇ║ tests\e2e\select_all.spec.js:14:5 ΓÇ║ Select All Regression Proof ΓÇ║ Select All behaves correctly with partial selection 

    Error: [2mexpect([22m[31mlocator[39m[2m).[22mtoHaveAttribute[2m([22m[32mexpected[39m[2m)[22m failed

    Locator: locator('#actionbar')
    Expected string: [32m"[7m4[27m0"[39m
    Received string: [31m"0"[39m
    Timeout: 20000ms

    Call log:
    [2m  - Expect "toHaveAttribute" with timeout 20000ms[22m
    [2m  - waiting for locator('#actionbar')[22m
    [2m    2 ├ù locator resolved to <div id="actionbar" data-count="0" class="actionbar" data-ui="action-bar" data-merge-ready="0" aria-expanded="false">ΓÇª</div>[22m
    [2m      - unexpected value "0"[22m
    [2m    21 ├ù locator resolved to <div id="actionbar" data-count="0" class="actionbar" data-ui="action-bar" data-merge-ready="0" aria-expanded="false" data-selection-type="pipeline">ΓÇª</div>[22m
    [2m       - unexpected value "0"[22m


       95 |
       96 |         // Verify all selected again
    >  97 |         await expect(actionBar).toHaveAttribute('data-count', String(count), { timeout: 20000 });
          |                                 ^
       98 |     });
       99 | });
      100 |
        at C:\Users\dmgor\Downloads\Antigravity_MAIN\CRM_MASTER\tests\e2e\select_all.spec.js:97:33

    Error Context: test-results\select_all-Select-All-Regr-3dc4f-ctly-with-partial-selection-chromium\error-context.md

    attachment #2: trace (application/zip) ΓöÇΓöÇΓöÇΓöÇΓöÇΓöÇΓöÇΓöÇΓöÇΓöÇΓöÇΓöÇΓöÇΓöÇΓöÇΓöÇΓöÇΓöÇΓöÇΓöÇΓöÇΓöÇΓöÇΓöÇΓöÇΓöÇΓöÇΓöÇΓöÇΓöÇΓöÇΓöÇΓöÇΓöÇΓöÇΓöÇΓöÇΓöÇΓöÇΓöÇΓöÇΓöÇΓöÇΓöÇΓöÇΓöÇΓöÇΓöÇΓöÇΓöÇΓöÇΓöÇΓöÇΓöÇΓöÇΓöÇΓöÇ
    test-results\select_all-Select-All-Regr-3dc4f-ctly-with-partial-selection-chromium\trace.zip
    Usage:

        npx playwright show-trace test-results\select_all-Select-All-Regr-3dc4f-ctly-with-partial-selection-chromium\trace.zip

    ΓöÇΓöÇΓöÇΓöÇΓöÇΓöÇΓöÇΓöÇΓöÇΓöÇΓöÇΓöÇΓöÇΓöÇΓöÇΓöÇΓöÇΓöÇΓöÇΓöÇΓöÇΓöÇΓöÇΓöÇΓöÇΓöÇΓöÇΓöÇΓöÇΓöÇΓöÇΓöÇΓöÇΓöÇΓöÇΓöÇΓöÇΓöÇΓöÇΓöÇΓöÇΓöÇΓöÇΓöÇΓöÇΓöÇΓöÇΓöÇΓöÇΓöÇΓöÇΓöÇΓöÇΓöÇΓöÇΓöÇΓöÇΓöÇΓöÇΓöÇΓöÇΓöÇΓöÇΓöÇΓöÇΓöÇΓöÇΓöÇΓöÇΓöÇΓöÇΓöÇΓöÇΓöÇΓöÇΓöÇΓöÇΓöÇΓöÇΓöÇΓöÇΓöÇΓöÇΓöÇΓöÇΓöÇΓöÇΓöÇΓöÇΓöÇΓöÇΓöÇΓöÇΓöÇΓöÇΓöÇ

  1 failed
    [chromium] ΓÇ║ tests\e2e\select_all.spec.js:14:5 ΓÇ║ Select All Regression Proof ΓÇ║ Select All behaves correctly with partial selection 
